.\mvnw.cmd : WARNING: A terminally deprecated method in sun.misc.Unsafe has 
been called
At line:1 char:1
+ .\mvnw.cmd clean compile -q 2>&1 | tee compile.log
+ ~~~~~~~~~~~~~~~~~~~~~~~~~~~~~~~~
    + CategoryInfo          : NotSpecified: (WARNING: A term...has been called 
   :String) [], RemoteException
    + FullyQualifiedErrorId : NativeCommandError
 
WARNING: sun.misc.Unsafe::objectFieldOffset has been called by 
lombok.permit.Permit
WARNING: Please consider reporting this to the maintainers of class 
lombok.permit.Permit
WARNING: sun.misc.Unsafe::objectFieldOffset will be removed in a future release
[ERROR] COMPILATION ERROR : 
[ERROR] /C:/Files/Study/DoAnCuoiKy/library-management/src/main/java/library_management/controllers/AdminController.java:[299,13] cannot find symbol
  symbol:   class LocalDate
  location: class library_management.controllers.AdminController
[ERROR] /C:/Files/Study/DoAnCuoiKy/library-management/src/main/java/library_management/controllers/AdminController.java:[299,36] cannot find symbol
  symbol:   variable LocalDate
  location: class library_management.controllers.AdminController
[ERROR] Failed to execute goal org.apache.maven.plugins:maven-compiler-plugin:3.14.1:compile (default-compile) on project library-management: Compilation failure: Compilation failure: 
[ERROR] /C:/Files/Study/DoAnCuoiKy/library-management/src/main/java/library_management/controllers/AdminController.java:[299,13] cannot find symbol
[ERROR]   symbol:   class LocalDate
[ERROR]   location: class library_management.controllers.AdminController
[ERROR] /C:/Files/Study/DoAnCuoiKy/library-management/src/main/java/library_management/controllers/AdminController.java:[299,36] cannot find symbol
[ERROR]   symbol:   variable LocalDate
[ERROR]   location: class library_management.controllers.AdminController
[ERROR] -> [Help 1]
[ERROR] 
[ERROR] To see the full stack trace of the errors, re-run Maven with the -e switch.
[ERROR] Re-run Maven using the -X switch to enable full debug logging.
[ERROR] 
[ERROR] For more information about the errors and possible solutions, please read the following articles:
[ERROR] [Help 1] http://cwiki.apache.org/confluence/display/MAVEN/MojoFailureException
